// Jest Snapshot v1, https://goo.gl/fbAQLP

exports[`should render ExpenseList with empty message 1`] = `
<div>
  <p>
    No expenses
  </p>
</div>
`;

exports[`should render ExpenseList with expenses 1`] = `
<div>
  <ExpenseListItem
    amount={1234}
    createAt={0}
    description="Gum"
    id="1"
    key="1"
    note="sample note 1"
  />
  <ExpenseListItem
    amount={9876}
    createAt={-345600000}
    description="Rent"
    id="2"
    key="2"
    note="sample note 2"
  />
  <ExpenseListItem
    amount={4567}
    createAt={345600000}
    description="Credit Card"
    id="3"
    key="3"
    note="sample note 3"
  />
</div>
`;
